// Jest Snapshot v1, https://goo.gl/fbAQLP

exports[`MealList Component Snapshot renders the UI as expected 1`] = `
<div
  className="mealList"
/>
`;
