// Jest Snapshot v1, https://goo.gl/fbAQLP

exports[`MealChoose Component Snapshot renders the UI as expected 1`] = `
<div
  className="choices"
>
  <div
    className="option"
  >
    <h2>
      Cuisine Origins :
    </h2>
  </div>
  <div
    className="option"
  >
    <span
      title="Dinner is Served!"
    >
      <img
        alt="served"
        className="mainImage"
        src="https://lfuen.github.io/laCarte/images/served.png"
      />
    </span>
    <a
      href="/MealList"
      onClick={[Function]}
    >
      <h3>
        All Meals
      </h3>
    </a>
  </div>
  <div
    className="option"
  >
    <h2>
      Chef :
    </h2>
  </div>
</div>
`;
