// Jest Snapshot v1, https://goo.gl/fbAQLP

exports[`Footer Component Snapshot renders the UI as expected 1`] = `
<footer
  className="foot"
>
  Â© LaCarte | 2020
</footer>
`;
