// Jest Snapshot v1, https://goo.gl/fbAQLP

exports[`Ingredients Component Snapshot renders the UI as expected 1`] = `
<h3>
   Loading... 
</h3>
`;
