// Jest Snapshot v1, https://goo.gl/fbAQLP

exports[`Welcome Component Snapshot renders the UI as expected 1`] = `
<div
  className="welcomePage"
>
  <span
    title="La Carte"
  >
    <img
      alt="LaCarte"
      className="titleImage"
      src="https://lfuen.github.io/laCarte/images/laCarteFont.png"
    />
  </span>
  <h3
    className="worked"
  >
    The Healthy-Meal-Alternative App for the Busy Professional.
  </h3>
  <h5>
    (We didn't say workaholic, you did.)
  </h5>
  <div
    className="flexed"
  >
    <span
      title="Bon Apetit!"
    >
      <img
        alt="laCarte"
        className="mainImage"
        src="https://lfuen.github.io/laCarte/images/laCarte.png"
      />
    </span>
  </div>
</div>
`;
