// Jest Snapshot v1, https://goo.gl/fbAQLP

exports[`OrderEdit Component Snapshot renders the UI as expected 1`] = `
<h2>
  Loading..
</h2>
`;
