// Jest Snapshot v1, https://goo.gl/fbAQLP

exports[`OrderHistory Component Snapshot renders the UI as expected 1`] = `
<img
  alt="No Orders"
  className="noOrder"
  src="https://lfuen.github.io/laCarte/images/noOrder.png"
/>
`;
